******************************************************************************
                  TI ARM Linker PC v16.9.6                     
******************************************************************************
>> Linked Tue Mar 27 16:36:45 2018

OUTPUT FILE NAME:   <uart_echo.out>
ENTRY POINT SYMBOL: "_c_int00"  address: 000009f5


MEMORY CONFIGURATION

         name            origin    length      used     unused   attr    fill
----------------------  --------  ---------  --------  --------  ----  --------
  FLASH                 00000000   00040000  00000f20  0003f0e0  R  X
  SRAM                  20000000   00008000  0000013a  00007ec6  RW X


SEGMENT ALLOCATION MAP

run origin  load origin   length   init length attrs members
----------  ----------- ---------- ----------- ----- -------
00000000    00000000    00000f20   00000f20    r-x
  00000000    00000000    0000026c   0000026c    r-- .intvecs
  0000026c    0000026c    00000b10   00000b10    r-x .text
  00000d7c    00000d7c    0000016c   0000016c    r-- .const
  00000ee8    00000ee8    00000038   00000038    r-- .cinit
20000000    20000000    0000013a   00000000    rw-
  20000000    20000000    00000100   00000000    rw- .stack
  20000100    20000100    00000020   00000000    rw- .bss
  20000120    20000120    0000001a   00000000    rw- .data


SECTION ALLOCATION MAP

 output                                  attributes/
section   page    origin      length       input sections
--------  ----  ----------  ----------   ----------------
.intvecs   0    00000000    0000026c     
                  00000000    0000026c     startup_ccs.obj (.intvecs)

.text      0    0000026c    00000b10     
                  0000026c    00000132     driverlib.lib : gpio.obj (.text:GPIOPadConfigSet)
                  0000039e    00000002     startup_ccs.obj (.text:FaultISR)
                  000003a0    00000110     driverlib.lib : sysctl.obj (.text:SysCtlClockGet)
                  000004b0    000000f4                   : sysctl.obj (.text:SysCtlClockSet)
                  000005a4    0000009c     rtsv7M4_T_le_v4SPD16_eabi.lib : memcpy_t2.obj (.text)
                  00000640    00000080     uart_echo.obj (.text:UART1IntHandler)
                  000006c0    00000080     uart_echo.obj (.text:UARTIntHandler)
                  00000740    0000007c     uart_echo.obj (.text:Uart0Iint)
                  000007bc    0000007c     uart_echo.obj (.text:Uart1Iint)
                  00000838    0000007a     rtsv7M4_T_le_v4SPD16_eabi.lib : memset_t2.obj (.text)
                  000008b2    00000002     startup_ccs.obj (.text:IntDefaultHandler)
                  000008b4    00000070     rtsv7M4_T_le_v4SPD16_eabi.lib : autoinit.obj (.text)
                  00000924    00000068     driverlib.lib : interrupt.obj (.text:IntEnable)
                  0000098c    00000068     rtsv7M4_T_le_v4SPD16_eabi.lib : copy_decompress_lzss.obj (.text:decompress:lzss)
                  000009f4    00000054                                   : boot.obj (.text)
                  00000a48    00000054                                   : exit.obj (.text)
                  00000a9c    0000004c                                   : cpy_tbl.obj (.text)
                  00000ae8    00000048     driverlib.lib : gpio.obj (.text:GPIOPinConfigure)
                  00000b30    00000046                   : uart.obj (.text:UARTConfigSetExpClk)
                  00000b76    00000002     startup_ccs.obj (.text:NmiSR)
                  00000b78    00000034     driverlib.lib : sysctl.obj (.text:SysCtlPeripheralEnable)
                  00000bac    00000034     main.obj (.text:main)
                  00000be0    0000002a     driverlib.lib : gpio.obj (.text:GPIODirModeSet)
                  00000c0a    00000002     rtsv7M4_T_le_v4SPD16_eabi.lib : mpu_init.obj (.text)
                  00000c0c    00000020     driverlib.lib : uart.obj (.text:UARTDisable)
                  00000c2c    0000001c     uart_echo.obj (.text:UART0Send)
                  00000c48    0000001c     uart_echo.obj (.text:UART1Send)
                  00000c64    00000018     driverlib.lib : gpio.obj (.text:GPIOPinTypeGPIOOutput)
                  00000c7c    00000018     rtsv7M4_T_le_v4SPD16_eabi.lib : args_main.obj (.text)
                  00000c94    00000014     driverlib.lib : uart.obj (.text:UARTEnable)
                  00000ca8    00000014     rtsv7M4_T_le_v4SPD16_eabi.lib : _lock.obj (.text)
                  00000cbc    00000012     driverlib.lib : gpio.obj (.text:GPIOPinTypeUART)
                  00000cce    00000002     rtsv7M4_T_le_v4SPD16_eabi.lib : startup.obj (.text)
                  00000cd0    00000010     driverlib.lib : fpu.obj (.text:FPUEnable)
                  00000ce0    00000010                   : fpu.obj (.text:FPULazyStackingEnable)
                  00000cf0    00000010                   : interrupt.obj (.text:IntMasterEnable)
                  00000d00    0000000e                   : uart.obj (.text:UARTCharGetNonBlocking)
                  00000d0e    0000000e                   : uart.obj (.text:UARTCharPutNonBlocking)
                  00000d1c    0000000e                   : uart.obj (.text:UARTCharsAvail)
                  00000d2a    0000000e     rtsv7M4_T_le_v4SPD16_eabi.lib : copy_decompress_none.obj (.text:decompress:none)
                  00000d38    0000000c     driverlib.lib : cpu.obj (.text:CPUcpsie)
                  00000d44    0000000c     rtsv7M4_T_le_v4SPD16_eabi.lib : copy_zero_init.obj (.text:decompress:ZI)
                  00000d50    0000000a     driverlib.lib : uart.obj (.text:UARTIntStatus)
                  00000d5a    00000008                   : uart.obj (.text:UARTIntEnable)
                  00000d62    00000006                   : gpio.obj (.text:GPIOPinWrite)
                  00000d68    00000006     startup_ccs.obj (.text:ResetISR)
                  00000d6e    00000006     driverlib.lib : sysctl.obj (.text:SysCtlDelay)
                  00000d74    00000004                   : uart.obj (.text:UARTIntClear)
                  00000d78    00000004     rtsv7M4_T_le_v4SPD16_eabi.lib : pre_init.obj (.text)

.const     0    00000d7c    0000016c     
                  00000d7c    00000090     driverlib.lib : gpio.obj (.const:g_pui32GPIOBaseAddrs)
                  00000e0c    00000070                   : interrupt.obj (.const)
                  00000e7c    0000006c                   : sysctl.obj (.const:g_pui32Xtals)

.cinit     0    00000ee8    00000038     
                  00000ee8    00000011     (.cinit..data.load) [load image, compression = lzss]
                  00000ef9    00000003     --HOLE-- [fill = 0]
                  00000efc    0000000c     (__TI_handler_table)
                  00000f08    00000008     (.cinit..bss.load) [load image, compression = zero_init]
                  00000f10    00000010     (__TI_cinit_table)

.init_array 
*          0    00000000    00000000     UNINITIALIZED

.stack     0    20000000    00000100     UNINITIALIZED
                  20000000    00000100     --HOLE--

.bss       0    20000100    00000020     UNINITIALIZED
                  20000100    00000010     (.common:ReciveData_UART0)
                  20000110    00000010     (.common:ReciveData_UART1)

.data      0    20000120    0000001a     UNINITIALIZED
                  20000120    0000000c     rtsv7M4_T_le_v4SPD16_eabi.lib : exit.obj (.data:$O1$$)
                  2000012c    00000008                                   : _lock.obj (.data:$O1$$)
                  20000134    00000004                                   : stkdepth_vars.obj (.data)
                  20000138    00000002     uart_echo.obj (.data)

MODULE SUMMARY

       Module                     code   ro data   rw data
       ------                     ----   -------   -------
    .\
       startup_ccs.obj            12     620       0      
       main.obj                   52     0         0      
    +--+--------------------------+------+---------+---------+
       Total:                     64     620       0      
                                                          
    .\uart\
       uart_echo.obj              560    0         34     
    +--+--------------------------+------+---------+---------+
       Total:                     560    0         34     
                                                          
    D:/ti/TivaWare_C_Series-2.1.4.178/driverlib/ccs/Debug/driverlib.lib
       sysctl.obj                 574    108       0      
       gpio.obj                   468    144       0      
       interrupt.obj              120    112       0      
       uart.obj                   186    0         0      
       fpu.obj                    32     0         0      
       cpu.obj                    12     0         0      
    +--+--------------------------+------+---------+---------+
       Total:                     1392   364       0      
                                                          
    D:\Project_Program\Ccs_V7\ccsv7\tools\compiler\ti-cgt-arm_16.9.6.LTS\lib\rtsv7M4_T_le_v4SPD16_eabi.lib
       memcpy_t2.obj              156    0         0      
       memset_t2.obj              122    0         0      
       autoinit.obj               112    0         0      
       copy_decompress_lzss.obj   104    0         0      
       exit.obj                   84     0         12     
       boot.obj                   84     0         0      
       cpy_tbl.obj                76     0         0      
       _lock.obj                  20     0         8      
       args_main.obj              24     0         0      
       copy_decompress_none.obj   14     0         0      
       copy_zero_init.obj         12     0         0      
       pre_init.obj               4      0         0      
       stkdepth_vars.obj          0      0         4      
       mpu_init.obj               2      0         0      
       startup.obj                2      0         0      
    +--+--------------------------+------+---------+---------+
       Total:                     816    0         24     
                                                          
       Stack:                     0      0         256    
       Linker Generated:          0      53        0      
    +--+--------------------------+------+---------+---------+
       Grand Total:               2832   1037      314    


LINKER GENERATED COPY TABLES

__TI_cinit_table @ 00000f10 records: 2, size/record: 8, table size: 16
	.data: load addr=00000ee8, load size=00000011 bytes, run addr=20000120, run size=0000001a bytes, compression=lzss
	.bss: load addr=00000f08, load size=00000008 bytes, run addr=20000100, run size=00000020 bytes, compression=zero_init


LINKER GENERATED HANDLER TABLE

__TI_handler_table @ 00000efc records: 3, size/record: 4, table size: 12
	index: 0, handler: __TI_decompress_lzss
	index: 1, handler: __TI_decompress_none
	index: 2, handler: __TI_zero_init


GLOBAL SYMBOLS: SORTED ALPHABETICALLY BY Name 

address   name                           
-------   ----                           
00000a49  C$$EXIT                        
00000d39  CPUcpsie                       
00000cd1  FPUEnable                      
00000ce1  FPULazyStackingEnable          
00000be1  GPIODirModeSet                 
0000026d  GPIOPadConfigSet               
00000ae9  GPIOPinConfigure               
00000c65  GPIOPinTypeGPIOOutput          
00000cbd  GPIOPinTypeUART                
00000d63  GPIOPinWrite                   
00000925  IntEnable                      
00000cf1  IntMasterEnable                
20000100  ReciveData_UART0               
20000110  ReciveData_UART1               
20000138  ReciveData_i_UART0             
20000139  ReciveData_i_UART1             
00000d69  ResetISR                       
UNDEFED   SHT$$INIT_ARRAY$$Base          
UNDEFED   SHT$$INIT_ARRAY$$Limit         
000003a1  SysCtlClockGet                 
000004b1  SysCtlClockSet                 
00000d6f  SysCtlDelay                    
00000b79  SysCtlPeripheralEnable         
00000c2d  UART0Send                      
00000641  UART1IntHandler                
00000c49  UART1Send                      
00000d01  UARTCharGetNonBlocking         
00000d0f  UARTCharPutNonBlocking         
00000d1d  UARTCharsAvail                 
00000b31  UARTConfigSetExpClk            
00000c0d  UARTDisable                    
00000c95  UARTEnable                     
00000d75  UARTIntClear                   
00000d5b  UARTIntEnable                  
000006c1  UARTIntHandler                 
00000d51  UARTIntStatus                  
00000741  Uart0Iint                      
000007bd  Uart1Iint                      
20000100  __STACK_END                    
00000100  __STACK_SIZE                   
20000100  __STACK_TOP                    
00000f10  __TI_CINIT_Base                
00000f20  __TI_CINIT_Limit               
00000efc  __TI_Handler_Table_Base        
00000f08  __TI_Handler_Table_Limit       
000008b5  __TI_auto_init                 
20000120  __TI_cleanup_ptr               
0000098d  __TI_decompress_lzss           
00000d2b  __TI_decompress_none           
20000124  __TI_dtors_ptr                 
20000128  __TI_enable_exit_profile_output
ffffffff  __TI_pprof_out_hndl            
ffffffff  __TI_prof_data_size            
ffffffff  __TI_prof_data_start           
00000000  __TI_static_base__             
00000d45  __TI_zero_init                 
00000839  __aeabi_memclr                 
00000839  __aeabi_memclr4                
00000839  __aeabi_memclr8                
000005a5  __aeabi_memcpy                 
000005a5  __aeabi_memcpy4                
000005a5  __aeabi_memcpy8                
0000083b  __aeabi_memset                 
0000083b  __aeabi_memset4                
0000083b  __aeabi_memset8                
ffffffff  __binit__                      
ffffffff  __c_args__                     
00000c0b  __mpu_init                     
20000000  __stack                        
00000c7d  _args_main                     
000009f5  _c_int00                       
2000012c  _lock                          
00000cb7  _nop                           
00000caf  _register_lock                 
00000ca9  _register_unlock               
00000ccf  _system_post_cinit             
00000d79  _system_pre_init               
20000130  _unlock                        
00000a4d  abort                          
ffffffff  binit                          
00000a9d  copy_in                        
00000a55  exit                           
00000000  g_pfnVectors                   
00000bad  main                           
20000134  main_func_sp                   
000005a5  memcpy                         
00000841  memset                         


GLOBAL SYMBOLS: SORTED BY Symbol Address 

address   name                           
-------   ----                           
00000000  __TI_static_base__             
00000000  g_pfnVectors                   
00000100  __STACK_SIZE                   
0000026d  GPIOPadConfigSet               
000003a1  SysCtlClockGet                 
000004b1  SysCtlClockSet                 
000005a5  __aeabi_memcpy                 
000005a5  __aeabi_memcpy4                
000005a5  __aeabi_memcpy8                
000005a5  memcpy                         
00000641  UART1IntHandler                
000006c1  UARTIntHandler                 
00000741  Uart0Iint                      
000007bd  Uart1Iint                      
00000839  __aeabi_memclr                 
00000839  __aeabi_memclr4                
00000839  __aeabi_memclr8                
0000083b  __aeabi_memset                 
0000083b  __aeabi_memset4                
0000083b  __aeabi_memset8                
00000841  memset                         
000008b5  __TI_auto_init                 
00000925  IntEnable                      
0000098d  __TI_decompress_lzss           
000009f5  _c_int00                       
00000a49  C$$EXIT                        
00000a4d  abort                          
00000a55  exit                           
00000a9d  copy_in                        
00000ae9  GPIOPinConfigure               
00000b31  UARTConfigSetExpClk            
00000b79  SysCtlPeripheralEnable         
00000bad  main                           
00000be1  GPIODirModeSet                 
00000c0b  __mpu_init                     
00000c0d  UARTDisable                    
00000c2d  UART0Send                      
00000c49  UART1Send                      
00000c65  GPIOPinTypeGPIOOutput          
00000c7d  _args_main                     
00000c95  UARTEnable                     
00000ca9  _register_unlock               
00000caf  _register_lock                 
00000cb7  _nop                           
00000cbd  GPIOPinTypeUART                
00000ccf  _system_post_cinit             
00000cd1  FPUEnable                      
00000ce1  FPULazyStackingEnable          
00000cf1  IntMasterEnable                
00000d01  UARTCharGetNonBlocking         
00000d0f  UARTCharPutNonBlocking         
00000d1d  UARTCharsAvail                 
00000d2b  __TI_decompress_none           
00000d39  CPUcpsie                       
00000d45  __TI_zero_init                 
00000d51  UARTIntStatus                  
00000d5b  UARTIntEnable                  
00000d63  GPIOPinWrite                   
00000d69  ResetISR                       
00000d6f  SysCtlDelay                    
00000d75  UARTIntClear                   
00000d79  _system_pre_init               
00000efc  __TI_Handler_Table_Base        
00000f08  __TI_Handler_Table_Limit       
00000f10  __TI_CINIT_Base                
00000f20  __TI_CINIT_Limit               
20000000  __stack                        
20000100  ReciveData_UART0               
20000100  __STACK_END                    
20000100  __STACK_TOP                    
20000110  ReciveData_UART1               
20000120  __TI_cleanup_ptr               
20000124  __TI_dtors_ptr                 
20000128  __TI_enable_exit_profile_output
2000012c  _lock                          
20000130  _unlock                        
20000134  main_func_sp                   
20000138  ReciveData_i_UART0             
20000139  ReciveData_i_UART1             
ffffffff  __TI_pprof_out_hndl            
ffffffff  __TI_prof_data_size            
ffffffff  __TI_prof_data_start           
ffffffff  __binit__                      
ffffffff  __c_args__                     
ffffffff  binit                          
UNDEFED   SHT$$INIT_ARRAY$$Base          
UNDEFED   SHT$$INIT_ARRAY$$Limit         

[87 symbols]
