******************************************************************************
                  TI ARM Linker PC v16.9.6                     
******************************************************************************
>> Linked Mon Mar 26 23:39:45 2018

OUTPUT FILE NAME:   <uart_echo.out>
ENTRY POINT SYMBOL: "_c_int00"  address: 00000801


MEMORY CONFIGURATION

         name            origin    length      used     unused   attr    fill
----------------------  --------  ---------  --------  --------  ----  --------
  FLASH                 00000000   00040000  00000ce8  0003f318  R  X
  SRAM                  20000000   00008000  00000129  00007ed7  RW X


SEGMENT ALLOCATION MAP

run origin  load origin   length   init length attrs members
----------  ----------- ---------- ----------- ----- -------
00000000    00000000    00000ce8   00000ce8    r-x
  00000000    00000000    0000026c   0000026c    r-- .intvecs
  0000026c    0000026c    000008d8   000008d8    r-x .text
  00000b44    00000b44    0000016c   0000016c    r-- .const
  00000cb0    00000cb0    00000038   00000038    r-- .cinit
20000000    20000000    00000129   00000000    rw-
  20000000    20000000    00000100   00000000    rw- .stack
  20000100    20000100    00000019   00000000    rw- .data
  20000119    20000119    00000010   00000000    rw- .bss


SECTION ALLOCATION MAP

 output                                  attributes/
section   page    origin      length       input sections
--------  ----  ----------  ----------   ----------------
.intvecs   0    00000000    0000026c     
                  00000000    0000026c     startup_ccs.obj (.intvecs)

.text      0    0000026c    000008d8     
                  0000026c    00000132     driverlib.lib : gpio.obj (.text:GPIOPadConfigSet)
                  0000039e    00000002     startup_ccs.obj (.text:FaultISR)
                  000003a0    00000110     driverlib.lib : sysctl.obj (.text:SysCtlClockGet)
                  000004b0    0000009c     rtsv7M4_T_le_v4SPD16_eabi.lib : memcpy_t2.obj (.text)
                  0000054c    00000080     uart_echo.obj (.text:UARTIntHandler)
                  000005cc    0000007a     rtsv7M4_T_le_v4SPD16_eabi.lib : memset_t2.obj (.text)
                  00000646    00000002     startup_ccs.obj (.text:IntDefaultHandler)
                  00000648    00000078     uart_echo.obj (.text:Uart0Iint)
                  000006c0    00000070     rtsv7M4_T_le_v4SPD16_eabi.lib : autoinit.obj (.text)
                  00000730    00000068     driverlib.lib : interrupt.obj (.text:IntEnable)
                  00000798    00000068     rtsv7M4_T_le_v4SPD16_eabi.lib : copy_decompress_lzss.obj (.text:decompress:lzss)
                  00000800    00000054                                   : boot.obj (.text)
                  00000854    00000054                                   : exit.obj (.text)
                  000008a8    0000004c                                   : cpy_tbl.obj (.text)
                  000008f4    00000048     driverlib.lib : gpio.obj (.text:GPIOPinConfigure)
                  0000093c    00000046                   : uart.obj (.text:UARTConfigSetExpClk)
                  00000982    00000002     startup_ccs.obj (.text:NmiSR)
                  00000984    00000044     main.obj (.text:main)
                  000009c8    00000034     driverlib.lib : sysctl.obj (.text:SysCtlPeripheralEnable)
                  000009fc    0000002a                   : gpio.obj (.text:GPIODirModeSet)
                  00000a26    00000002     rtsv7M4_T_le_v4SPD16_eabi.lib : mpu_init.obj (.text)
                  00000a28    00000020     driverlib.lib : uart.obj (.text:UARTDisable)
                  00000a48    0000001c     uart_echo.obj (.text:UART0Send)
                  00000a64    00000018     rtsv7M4_T_le_v4SPD16_eabi.lib : args_main.obj (.text)
                  00000a7c    00000014     driverlib.lib : uart.obj (.text:UARTEnable)
                  00000a90    00000014     rtsv7M4_T_le_v4SPD16_eabi.lib : _lock.obj (.text)
                  00000aa4    00000012     driverlib.lib : gpio.obj (.text:GPIOPinTypeUART)
                  00000ab6    00000010                   : interrupt.obj (.text:IntMasterEnable)
                  00000ac6    0000000e                   : uart.obj (.text:UARTCharGetNonBlocking)
                  00000ad4    0000000e                   : uart.obj (.text:UARTCharPutNonBlocking)
                  00000ae2    0000000e                   : uart.obj (.text:UARTCharsAvail)
                  00000af0    0000000e     rtsv7M4_T_le_v4SPD16_eabi.lib : copy_decompress_none.obj (.text:decompress:none)
                  00000afe    0000000c     driverlib.lib : cpu.obj (.text:CPUcpsie)
                  00000b0a    0000000c     rtsv7M4_T_le_v4SPD16_eabi.lib : copy_zero_init.obj (.text:decompress:ZI)
                  00000b16    0000000a     driverlib.lib : uart.obj (.text:UARTIntStatus)
                  00000b20    00000008                   : uart.obj (.text:UARTIntEnable)
                  00000b28    00000006                   : gpio.obj (.text:GPIOPinWrite)
                  00000b2e    00000006     startup_ccs.obj (.text:ResetISR)
                  00000b34    00000006     driverlib.lib : sysctl.obj (.text:SysCtlDelay)
                  00000b3a    00000004                   : uart.obj (.text:UARTIntClear)
                  00000b3e    00000004     rtsv7M4_T_le_v4SPD16_eabi.lib : pre_init.obj (.text)
                  00000b42    00000002                                   : startup.obj (.text)

.const     0    00000b44    0000016c     
                  00000b44    00000090     driverlib.lib : gpio.obj (.const:g_pui32GPIOBaseAddrs)
                  00000bd4    00000070                   : interrupt.obj (.const)
                  00000c44    0000006c                   : sysctl.obj (.const:g_pui32Xtals)

.cinit     0    00000cb0    00000038     
                  00000cb0    00000011     (.cinit..data.load) [load image, compression = lzss]
                  00000cc1    00000003     --HOLE-- [fill = 0]
                  00000cc4    0000000c     (__TI_handler_table)
                  00000cd0    00000008     (.cinit..bss.load) [load image, compression = zero_init]
                  00000cd8    00000010     (__TI_cinit_table)

.init_array 
*          0    00000000    00000000     UNINITIALIZED

.stack     0    20000000    00000100     UNINITIALIZED
                  20000000    00000100     --HOLE--

.data      0    20000100    00000019     UNINITIALIZED
                  20000100    0000000c     rtsv7M4_T_le_v4SPD16_eabi.lib : exit.obj (.data:$O1$$)
                  2000010c    00000008                                   : _lock.obj (.data:$O1$$)
                  20000114    00000004                                   : stkdepth_vars.obj (.data)
                  20000118    00000001     uart_echo.obj (.data)

.bss       0    20000119    00000010     UNINITIALIZED
                  20000119    00000010     (.common:ReciveData_UART0)

MODULE SUMMARY

       Module                     code   ro data   rw data
       ------                     ----   -------   -------
    .\
       startup_ccs.obj            12     620       0      
       main.obj                   68     0         0      
    +--+--------------------------+------+---------+---------+
       Total:                     80     620       0      
                                                          
    .\uart\
       uart_echo.obj              276    0         17     
    +--+--------------------------+------+---------+---------+
       Total:                     276    0         17     
                                                          
    D:/ti/TivaWare_C_Series-2.1.4.178/driverlib/ccs/Debug/driverlib.lib
       gpio.obj                   444    144       0      
       sysctl.obj                 330    108       0      
       interrupt.obj              120    112       0      
       uart.obj                   186    0         0      
       cpu.obj                    12     0         0      
    +--+--------------------------+------+---------+---------+
       Total:                     1092   364       0      
                                                          
    D:\Project_Program\Ccs_V7\ccsv7\tools\compiler\ti-cgt-arm_16.9.6.LTS\lib\rtsv7M4_T_le_v4SPD16_eabi.lib
       memcpy_t2.obj              156    0         0      
       memset_t2.obj              122    0         0      
       autoinit.obj               112    0         0      
       copy_decompress_lzss.obj   104    0         0      
       exit.obj                   84     0         12     
       boot.obj                   84     0         0      
       cpy_tbl.obj                76     0         0      
       _lock.obj                  20     0         8      
       args_main.obj              24     0         0      
       copy_decompress_none.obj   14     0         0      
       copy_zero_init.obj         12     0         0      
       pre_init.obj               4      0         0      
       stkdepth_vars.obj          0      0         4      
       mpu_init.obj               2      0         0      
       startup.obj                2      0         0      
    +--+--------------------------+------+---------+---------+
       Total:                     816    0         24     
                                                          
       Stack:                     0      0         256    
       Linker Generated:          0      53        0      
    +--+--------------------------+------+---------+---------+
       Grand Total:               2264   1037      297    


LINKER GENERATED COPY TABLES

__TI_cinit_table @ 00000cd8 records: 2, size/record: 8, table size: 16
	.data: load addr=00000cb0, load size=00000011 bytes, run addr=20000100, run size=00000019 bytes, compression=lzss
	.bss: load addr=00000cd0, load size=00000008 bytes, run addr=20000119, run size=00000010 bytes, compression=zero_init


LINKER GENERATED HANDLER TABLE

__TI_handler_table @ 00000cc4 records: 3, size/record: 4, table size: 12
	index: 0, handler: __TI_decompress_lzss
	index: 1, handler: __TI_decompress_none
	index: 2, handler: __TI_zero_init


GLOBAL SYMBOLS: SORTED ALPHABETICALLY BY Name 

address   name                           
-------   ----                           
00000855  C$$EXIT                        
00000aff  CPUcpsie                       
000009fd  GPIODirModeSet                 
0000026d  GPIOPadConfigSet               
000008f5  GPIOPinConfigure               
00000aa5  GPIOPinTypeUART                
00000b29  GPIOPinWrite                   
00000731  IntEnable                      
00000ab7  IntMasterEnable                
20000119  ReciveData_UART0               
20000118  ReciveData_i_UART0             
00000b2f  ResetISR                       
UNDEFED   SHT$$INIT_ARRAY$$Base          
UNDEFED   SHT$$INIT_ARRAY$$Limit         
000003a1  SysCtlClockGet                 
00000b35  SysCtlDelay                    
000009c9  SysCtlPeripheralEnable         
00000a49  UART0Send                      
00000ac7  UARTCharGetNonBlocking         
00000ad5  UARTCharPutNonBlocking         
00000ae3  UARTCharsAvail                 
0000093d  UARTConfigSetExpClk            
00000a29  UARTDisable                    
00000a7d  UARTEnable                     
00000b3b  UARTIntClear                   
00000b21  UARTIntEnable                  
0000054d  UARTIntHandler                 
00000b17  UARTIntStatus                  
00000649  Uart0Iint                      
20000100  __STACK_END                    
00000100  __STACK_SIZE                   
20000100  __STACK_TOP                    
00000cd8  __TI_CINIT_Base                
00000ce8  __TI_CINIT_Limit               
00000cc4  __TI_Handler_Table_Base        
00000cd0  __TI_Handler_Table_Limit       
000006c1  __TI_auto_init                 
20000100  __TI_cleanup_ptr               
00000799  __TI_decompress_lzss           
00000af1  __TI_decompress_none           
20000104  __TI_dtors_ptr                 
20000108  __TI_enable_exit_profile_output
ffffffff  __TI_pprof_out_hndl            
ffffffff  __TI_prof_data_size            
ffffffff  __TI_prof_data_start           
00000000  __TI_static_base__             
00000b0b  __TI_zero_init                 
000005cd  __aeabi_memclr                 
000005cd  __aeabi_memclr4                
000005cd  __aeabi_memclr8                
000004b1  __aeabi_memcpy                 
000004b1  __aeabi_memcpy4                
000004b1  __aeabi_memcpy8                
000005cf  __aeabi_memset                 
000005cf  __aeabi_memset4                
000005cf  __aeabi_memset8                
ffffffff  __binit__                      
ffffffff  __c_args__                     
00000a27  __mpu_init                     
20000000  __stack                        
00000a65  _args_main                     
00000801  _c_int00                       
2000010c  _lock                          
00000a9f  _nop                           
00000a97  _register_lock                 
00000a91  _register_unlock               
00000b43  _system_post_cinit             
00000b3f  _system_pre_init               
20000110  _unlock                        
00000859  abort                          
ffffffff  binit                          
000008a9  copy_in                        
00000861  exit                           
00000000  g_pfnVectors                   
00000985  main                           
20000114  main_func_sp                   
000004b1  memcpy                         
000005d5  memset                         


GLOBAL SYMBOLS: SORTED BY Symbol Address 

address   name                           
-------   ----                           
00000000  __TI_static_base__             
00000000  g_pfnVectors                   
00000100  __STACK_SIZE                   
0000026d  GPIOPadConfigSet               
000003a1  SysCtlClockGet                 
000004b1  __aeabi_memcpy                 
000004b1  __aeabi_memcpy4                
000004b1  __aeabi_memcpy8                
000004b1  memcpy                         
0000054d  UARTIntHandler                 
000005cd  __aeabi_memclr                 
000005cd  __aeabi_memclr4                
000005cd  __aeabi_memclr8                
000005cf  __aeabi_memset                 
000005cf  __aeabi_memset4                
000005cf  __aeabi_memset8                
000005d5  memset                         
00000649  Uart0Iint                      
000006c1  __TI_auto_init                 
00000731  IntEnable                      
00000799  __TI_decompress_lzss           
00000801  _c_int00                       
00000855  C$$EXIT                        
00000859  abort                          
00000861  exit                           
000008a9  copy_in                        
000008f5  GPIOPinConfigure               
0000093d  UARTConfigSetExpClk            
00000985  main                           
000009c9  SysCtlPeripheralEnable         
000009fd  GPIODirModeSet                 
00000a27  __mpu_init                     
00000a29  UARTDisable                    
00000a49  UART0Send                      
00000a65  _args_main                     
00000a7d  UARTEnable                     
00000a91  _register_unlock               
00000a97  _register_lock                 
00000a9f  _nop                           
00000aa5  GPIOPinTypeUART                
00000ab7  IntMasterEnable                
00000ac7  UARTCharGetNonBlocking         
00000ad5  UARTCharPutNonBlocking         
00000ae3  UARTCharsAvail                 
00000af1  __TI_decompress_none           
00000aff  CPUcpsie                       
00000b0b  __TI_zero_init                 
00000b17  UARTIntStatus                  
00000b21  UARTIntEnable                  
00000b29  GPIOPinWrite                   
00000b2f  ResetISR                       
00000b35  SysCtlDelay                    
00000b3b  UARTIntClear                   
00000b3f  _system_pre_init               
00000b43  _system_post_cinit             
00000cc4  __TI_Handler_Table_Base        
00000cd0  __TI_Handler_Table_Limit       
00000cd8  __TI_CINIT_Base                
00000ce8  __TI_CINIT_Limit               
20000000  __stack                        
20000100  __STACK_END                    
20000100  __STACK_TOP                    
20000100  __TI_cleanup_ptr               
20000104  __TI_dtors_ptr                 
20000108  __TI_enable_exit_profile_output
2000010c  _lock                          
20000110  _unlock                        
20000114  main_func_sp                   
20000118  ReciveData_i_UART0             
20000119  ReciveData_UART0               
ffffffff  __TI_pprof_out_hndl            
ffffffff  __TI_prof_data_size            
ffffffff  __TI_prof_data_start           
ffffffff  __binit__                      
ffffffff  __c_args__                     
ffffffff  binit                          
UNDEFED   SHT$$INIT_ARRAY$$Base          
UNDEFED   SHT$$INIT_ARRAY$$Limit         

[78 symbols]
